- why the fuck does hermes need 5gb of ram.
- the movie/anime/series/music pipeline works e2e but the download speed is really bad
- headscale ui not wired up? make the homepage.lsck0.dev nicer.
- remove shlink and the 202 tor node
- i cant open homeassistant page.
- why do i need to login into huggin and firefly
- hello-gh is not working.
- update the terminal dashboard to not waste that much space and show as much information as possible
- add a 2nd example user to lldap. i want to have roles for EVERY page. ie so i can granularly give permission to view only 3 pages.
- i cant really watch things on i cant watch things on jellyfin, its soo laggy and not properly loading
- fix the commit history, all commits should be of the form "Generation: X"
- services seem slow and unstable. do a network trace.
- cleanup all comment essays, maximally one line and a few words

some more requirements and clarifications:
- everything is declarative.
- lldap + authelia controls ALL LOGINS. Apart from Git, there dont need to be multiple accounts per service.
- everything is protected. internal services are protected by cloudflare + authelia. external services are protected by
  anubis and anti bot / llm tech.
- grafana shows indepth data and alerting for everything.
- ALL data lives on the NAS. Everything, except media and torrents is backuped. Backups and Documents are replicated to
  Proton Drive.
- Syncthing is setup as a folder on the NAS, its also duplicated to Proton Drive.
- In my file browser, i want 3 links: Syncthing, NAS, ProtonDrive. The mental model here is: I do file stuff via
  syncthing. This is stored on the NAS along with more stuff. This is backed up / duplicated to proton drive. Add those
  bookmarks onto my pc via my dotfiles repo.
- there are compiler/nix caches for actions / deployments / updates.
- There is and e2e coding stack. Git -> Git Runner / Github Runner -> Dockerrepo -> 0-downtime Auto Updating Docker
  Swarm deployments. Their data is again stored on the NAS and auto backuped.
- There is an e2e media stack for music/movies/series/anime. the discovery stuff is in TOR. torrenting through vpn.
  jellifin and navidrome stays plain.
- there is a homeassistant control stack. there is huggin agetns. paperless and paperless ai.
- there is hermes. it should ONLY use API. no local hardware. It should be able to interact with every service as if it
  was a user. it should be able to make changes and deploy. for example: Q download of an anime. write a message into
  the minecraft chat via rcon. upload a picture of a document to paperless. investigate crashes by reading grafana data.
- there is a fully IAC minecraft server with modpack stupport.
- there is headscale and wireguard too.
