/access
/access/acl
/access/domains
/access/groups
/access/openid
/access/openid/auth-url
/access/openid/login
/access/password
/access/permissions
/access/realm
/access/roles
/access/tfa
/access/ticket
/access/users
/cluster
/cluster/acme
/cluster/acme/account
/cluster/acme/challenge-schema
/cluster/acme/directories
/cluster/acme/meta
/cluster/acme/plugins
/cluster/acme/tos
/cluster/backup
/cluster/backup-info
/cluster/backup-info/not-backed-up
/cluster/ceph
/cluster/ceph/flags
/cluster/ceph/metadata
/cluster/ceph/status
/cluster/config
/cluster/config/apiversion
/cluster/config/join
/cluster/config/nodes
/cluster/config/qdevice
/cluster/config/totem
/cluster/firewall
/cluster/firewall/aliases
/cluster/firewall/groups
/cluster/firewall/ipset
/cluster/firewall/macros
/cluster/firewall/options
/cluster/firewall/refs
/cluster/firewall/rules
/cluster/ha
/cluster/ha/groups
/cluster/ha/resources
/cluster/ha/rules
/cluster/ha/status
/cluster/ha/status/current
/cluster/ha/status/manager_status
/cluster/jobs
/cluster/jobs/realm-sync
/cluster/jobs/schedule-analyze
/cluster/log
/cluster/mapping
/cluster/mapping/dir
/cluster/mapping/pci
/cluster/mapping/usb
/cluster/metrics
/cluster/metrics/export
/cluster/metrics/server
/cluster/nextid
/cluster/notifications
/cluster/notifications/endpoints
/cluster/notifications/endpoints/gotify
/cluster/notifications/endpoints/sendmail
/cluster/notifications/endpoints/smtp
/cluster/notifications/endpoints/webhook
/cluster/notifications/matcher-fields
/cluster/notifications/matcher-field-values
/cluster/notifications/matchers
/cluster/notifications/targets
/cluster/options
/cluster/replication
/cluster/resources
/cluster/sdn
/cluster/sdn/controllers
/cluster/sdn/dns
/cluster/sdn/fabrics
/cluster/sdn/fabrics/all
/cluster/sdn/fabrics/fabric
/cluster/sdn/fabrics/node
/cluster/sdn/ipams
/cluster/sdn/lock
/cluster/sdn/rollback
/cluster/sdn/vnets
/cluster/sdn/zones
/cluster/status
/cluster/tasks
/etc/ssl/certs
http://.*
https://acme-v02.api.letsencrypt.org/directory
https://bugzilla.proxmox.com
https://ceph.com/
https://docs.ceph.com/en/latest/
https://forum.proxmox.com
https://my.proxmox.com
https://pve.proxmox.com/wiki/OVMF/UEFI_Boot_Entries
https://www.proxmox.com/en/proxmox-virtual-environment/pricing
http://www.example.com
http://www.w3.org/1999/xlink
http://www.w3.org/2000/svg
http://www.w3.org/2000/xmlns/
/mapping/dir
/mapping/notifications
/mapping/pci
/mapping/usb
/nodes
/plugins/flash/FlashPlugin.swf
/pools
/pve-docs/index.html
/pve-docs/pve-admin-guide.html
/sdn
/sdn/controllers
/sdn/dns
/sdn/fabrics
/sdn/ipams
/sdn/zones
/storage
/v1/metrics
/version
/www.w3.org/1999/xlink
