[0m00s] wall-clock ceiling: 1500s
[0m00s] [0;35m[phase 1/7] == Network Reconnaissance ==[0m
[0m00s] RUN  [0;32mtracepath[0m ...
[0m00s] done [0;32mtracepath[0m (0) in 0s
[0m00s] RUN  [0;32mdns-a[0m ...
[0m00s] done [0;32mdns-a[0m (0) in 0s
[0m00s] RUN  [0;32mdns-mx[0m ...
[0m00s] done [0;32mdns-mx[0m (0) in 0s
[0m00s] RUN  [0;32mdns-ns[0m ...
[0m00s] done [0;32mdns-ns[0m (0) in 0s
[0m00s] RUN  [0;32mdns-txt[0m ...
[0m00s] done [0;32mdns-txt[0m (0) in 0s
[0m00s] [0;35m[phase 2/7] == Web Recon & Discovery ==[0m
[0m00s] RUN  [0;32mhttpx[0m ...
[0m02s] done [0;32mhttpx[0m (0) in 2s
[0m09s] baseline: /random -> HTTP 500 (39 bytes, variance 2) | /.well-known/random -> HTTP 500 | catch-all=0
[0m09s] no primary auth supplied (unauthenticated scan)
[0m09s] RUN  [0;32mcloud-metadata[0m ...
[0m15s] done [0;32mcloud-metadata[0m (28) in 6s
[0m15s] RUN  [0;32mwafw00f[0m ...
[0m15s] done [0;32mwafw00f[0m (0) in 0s
[0m15s] RUN  [0;32mgowitness[0m ...
[0m19s] done [0;32mgowitness[0m (0) in 4s
[0m19s] RUN  [0;32mkatana[0m ...
[0m46s] done [0;32mkatana[0m (0) in 27s
[0m46s] RUN  [0;32msitemap[0m ...
[0m46s] done [0;32msitemap[0m (0) in 0s
[0m46s] RUN  [0;32mjs-endpoints[0m ...
[0m47s] done [0;32mjs-endpoints[0m (0) in 1s
[0m47s] RUN  [0;32msourcemaps[0m ...
[1m24s] done [0;32msourcemaps[0m (0) in 37s
[1m24s] RUN  [0;32mjs-secrets[0m ...
[1m44s] done [0;32mjs-secrets[0m (0) in 20s
[1m44s] RUN  [0;32mopenapi[0m ...
[2m17s] done [0;32mopenapi[0m (0) in 33s
[2m17s] RUN  [0;32mgraphql[0m ...
[2m37s] done [0;32mgraphql[0m (0) in 20s
[2m37s] crawl: 318 urls
[2m37s] RUN  [0;32mmisconfig[0m ...
[2m53s] [0;31m!! cancelled - writing partial report[0m
